Сними свою обувь - мы будем ходить босиком.
Есть сигареты и спички, и бутылка вина, и она поможет нам ждать,
Поможет поверить, что все спят, и мы здесь вдвоем.
Припев:
Видели ночь, гуляли всю ночь до утра.